0	1	mikroCPIC1618.exe -MSF -DBG -pP16F877A -DL -O11111114 -fo8 -N"E:\ICE 3-1\Microcontroller and Computer Architecture\ExAm\Lab-1-4digit\FoureDigit.mcppi" -SP"C:\Users\Public\Documents\Mikroelektronika\mikroC PRO for PIC\Defs\" -SP"C:\Users\Public\Documents\Mikroelektronika\mikroC PRO for PIC\Uses\P16\" -SP"E:\ICE 3-1\Microcontroller and Computer Architecture\ExAm\Lab-1-4digit\" -IP"C:\Users\Public\Documents\Mikroelektronika\mikroC PRO for PIC\Uses\P16\" "FoureDigit.c" "__Lib_Math.mcl" "__Lib_MathDouble.mcl" "__Lib_System.mcl" "__Lib_Delays.mcl"	 
hint: 0	1139	Available RAM: 352 [bytes], Available ROM: 8192 [bytes]	 
diagnostics: 0	122	Compilation Started	FoureDigit.c
diagnostics: 48	123	Compiled Successfully	FoureDigit.c
diagnostics: 0	127	All files Compiled in 78 ms	 
hint: 0	1144	Used RAM (bytes): 24 (7%)  Free RAM (bytes): 328 (93%)	Used RAM (bytes): 24 (7%)  Free RAM (bytes): 328 (93%)
hint: 0	1144	Used ROM (program words): 380 (5%)  Free ROM (program words): 7812 (95%)	Used ROM (program words): 380 (5%)  Free ROM (program words): 7812 (95%)
diagnostics: 0	125	Project Linked Successfully	FoureDigit.mcppi
diagnostics: 0	128	Linked in 15 ms	 
diagnostics: 0	129	Project 'FoureDigit.mcppi' completed: 250 ms	 
diagnostics: 0	103	Finished successfully: 21 Sep 2025, 15:06:13	FoureDigit.mcppi
